▲ Next.js 16.2.12 (Turbopack)
- Experiments (use with caution):
  · turbopackPluginRuntimeStrategy: "workerThreads"

  Creating an optimized production build ...
Turbopack build encountered 1 warnings:
./next.config.ts
Encountered unexpected file in NFT list
A file was traced that indicates that the whole project was traced unintentionally. Somewhere in the import trace below, there are:
- filesystem operations (like path.join, path.resolve or fs.readFile), or
- very dynamic requires (like require('./' + foo)).
To resolve this, you can
- remove them if possible, or
- only use them in development, or
- make sure they are statically scoped to some subfolder: path.join(process.cwd(), 'data', bar), or
- add ignore comments: path.join(/*turbopackIgnore: true*/ process.cwd(), bar)

Import trace:
  App Route:
    ./next.config.ts
    ./lib/windchime-live.ts
    ./app/api/mail/live/[...path]/route.ts


✓ Compiled successfully in 10.9s
  Running TypeScript ...

  We detected TypeScript in your project and reconfigured your tsconfig.json file for you.
  The following suggested values were added to your tsconfig.json. These values can be changed to fit your project's needs:

  	- include was updated to add '.windchime-qc083/types/**/*.ts'
  	- include was updated to add '.windchime-qc083/dev/types/**/*.ts'

  Finished TypeScript in 35.5s ...
  Collecting page data using 31 workers ...
⚠ Using edge runtime on a page currently disables static generation for that page
  Generating static pages using 31 workers (0/14) ...
  Generating static pages using 31 workers (3/14) 
  Generating static pages using 31 workers (6/14) 
  Generating static pages using 31 workers (10/14) 
✓ Generating static pages using 31 workers (14/14) in 548ms
  Finalizing page optimization ...

Route (app)
┌ ƒ /
├ ○ /_not-found
├ ○ /admin
├ ƒ /api/[action]
├ ƒ /api/admin/save
├ ƒ /api/admin/session
├ ƒ /api/admin/unlock
├ ƒ /api/admin/upload
├ ƒ /api/auth/[action]
├ ƒ /api/bilibili
├ ƒ /api/config
├ ƒ /api/gacha/check-status
├ ƒ /api/gacha/daily
├ ƒ /api/gacha/import-local
├ ƒ /api/gacha/me
├ ƒ /api/gacha/package
├ ƒ /api/gacha/redeem
├ ƒ /api/gacha/reset
├ ƒ /api/gacha/spin
├ ƒ /api/health
├ ƒ /api/mail/blocked-terms
├ ƒ /api/mail/blocklist
├ ƒ /api/mail/blocklist/[hash]
├ ƒ /api/mail/live/[...path]
├ ƒ /api/mail/messages
├ ƒ /api/mail/messages/[id]
├ ƒ /api/mail/messages/[id]/block
├ ƒ /api/mail/messages/batch
├ ƒ /api/mail/proxy-image
├ ƒ /api/mail/session
├ ƒ /api/mail/settings
├ ƒ /api/mail/topics
├ ƒ /api/mail/topics/[id]
├ ƒ /api/mail/topics/[id]/purge
├ ƒ /api/user/[action]
├ ○ /app
├ ƒ /concept
├ ƒ /m
├ ƒ /m/[slug]
├ ○ /mail
├ ○ /mail/connect
├ ƒ /mail/live
├ ○ /manifest.webmanifest
├ ○ /offline
├ ƒ /pwa-splash
├ ○ /robots.txt
└ ○ /sitemap.xml


ƒ Proxy (Middleware)

○  (Static)   prerendered as static content
ƒ  (Dynamic)  server-rendered on demand

